---
source: aya-assembly/src/parser/import.rs
expression: result
---
Ast {
    statements: [
        Import {
            name: ByteOffset {
                start: 33,
                end: 44,
            },
            path: ByteOffset {
                start: 21,
                end: 31,
            },
            address: HexLiteral(
                ByteOffset {
                    start: 48,
                    end: 52,
                },
            ),
            variables: [
                ImportVar {
                    name: ByteOffset {
                        start: 72,
                        end: 82,
                    },
                    value: HexLiteral(
                        ByteOffset {
                            start: 85,
                            end: 89,
                        },
                    ),
                },
                ImportVar {
                    name: ByteOffset {
                        start: 107,
                        end: 117,
                    },
                    value: Var(
                        ByteOffset {
                            start: 121,
                            end: 135,
                        },
                    ),
                },
                ImportVar {
                    name: ByteOffset {
                        start: 154,
                        end: 164,
                    },
                    value: Address(
                        HexLiteral(
                            ByteOffset {
                                start: 169,
                                end: 173,
                            },
                        ),
                    ),
                },
                ImportVar {
                    name: ByteOffset {
                        start: 192,
                        end: 202,
                    },
                    value: FieldAccessor {
                        module: ByteOffset {
                            start: 205,
                            end: 217,
                        },
                        field: ByteOffset {
                            start: 218,
                            end: 226,
                        },
                    },
                },
                ImportVar {
                    name: ByteOffset {
                        start: 245,
                        end: 255,
                    },
                    value: Var(
                        ByteOffset {
                            start: 258,
                            end: 272,
                        },
                    ),
                },
            ],
        },
    ],
}
