---
source: aya-parser/src/parser/instructions/jne.rs
expression: result
---
Instruction(
    JneLit(
        Address(
            ByteOffset {
                start: 7,
                end: 11,
            },
        ),
        HexLiteral(
            ByteOffset {
                start: 15,
                end: 19,
            },
        ),
    ),
)
