---
source: aya-assembly/src/parser/instructions/or.rs
expression: result
---
Instruction(
    OrRegReg(
        Register(
            ByteOffset {
                start: 3,
                end: 5,
            },
        ),
        Register(
            ByteOffset {
                start: 7,
                end: 9,
            },
        ),
    ),
)
