---
source: aya-parser/src/parser/instructions/jle.rs
expression: result
---
Instruction(
    JleLit(
        Address(
            ByteOffset {
                start: 7,
                end: 11,
            },
        ),
        HexLiteral(
            ByteOffset {
                start: 15,
                end: 19,
            },
        ),
    ),
)
