---
source: aya-assembly/src/parser/instructions/jgt.rs
expression: result
---
Instruction(
    JgtLit(
        Address(
            ByteOffset {
                start: 7,
                end: 11,
            },
        ),
        HexLiteral(
            ByteOffset {
                start: 15,
                end: 19,
            },
        ),
    ),
)
