---
source: aya-assembly/src/parser/instructions/lsh.rs
expression: result
---
Instruction(
    LshLitReg(
        Register(
            ByteOffset {
                start: 4,
                end: 6,
            },
        ),
        Var(
            ByteOffset {
                start: 9,
                end: 12,
            },
        ),
    ),
)
