---
source: aya-assembly/src/parser/instructions/sub.rs
expression: result
---
Instruction(
    SubLitReg(
        Register(
            ByteOffset {
                start: 4,
                end: 6,
            },
        ),
        BinaryOp {
            lhs: HexLiteral(
                ByteOffset {
                    start: 10,
                    end: 14,
                },
            ),
            operator: Add,
            rhs: Register(
                ByteOffset {
                    start: 17,
                    end: 19,
                },
            ),
        },
    ),
)
