---
source: aya-parser/src/parser/instructions/or.rs
expression: result
---
Instruction(
    OrLitReg(
        Register(
            ByteOffset {
                start: 3,
                end: 5,
            },
        ),
        HexLiteral(
            ByteOffset {
                start: 8,
                end: 12,
            },
        ),
    ),
)
