---
source: aya-parser/src/modules.rs
expression: import
---
Import {
    name: "module_name",
    path: "./path.aya",
    address: Address(
        "fefe",
    ),
    variables: [
        ImportVar {
            name: "variable_a",
            value: HexLiteral(
                "C0D3",
            ),
        },
        ImportVar {
            name: "variable_b",
            value: Var(
                "other_variable",
            ),
        },
        ImportVar {
            name: "varaible_c",
            value: Address(
                "FEFE",
            ),
        },
        ImportVar {
            name: "variable_d",
            value: FieldAccessor {
                module: "other_module",
                field: "variable",
            },
        },
    ],
}
