---
source: aya-parser/src/parser/mod.rs
expression: result
---
Ast {
    statements: [
        Data {
            name: ByteOffset {
                start: 6,
                end: 10,
            },
            size: 8,
            exported: false,
            values: [
                Address(
                    ByteOffset {
                        start: 18,
                        end: 22,
                    },
                ),
                HexLiteral(
                    ByteOffset {
                        start: 26,
                        end: 30,
                    },
                ),
            ],
        },
    ],
}
